Copyright 1986-2022 Xilinx, Inc. All Rights Reserved.
-----------------------------------------------------------------------------------------
| Tool Version : Vivado v.2022.2 (lin64) Build 3671981 Fri Oct 14 04:59:54 MDT 2022
| Date         : Thu Jan 12 15:33:21 2023
| Host         : liara running 64-bit Arch Linux
| Command      : report_control_sets -verbose -file bd_0_wrapper_control_sets_placed.rpt
| Design       : bd_0_wrapper
| Device       : xczu7ev
-----------------------------------------------------------------------------------------

Control Set Information

Table of Contents
-----------------
1. Summary
2. Histogram
3. Flip-Flop Distribution
4. Detailed Control Set Information

1. Summary
----------

+----------------------------------------------------------+-------+
|                          Status                          | Count |
+----------------------------------------------------------+-------+
| Total control sets                                       |    92 |
|    Minimum number of control sets                        |    92 |
|    Addition due to synthesis replication                 |     0 |
|    Addition due to physical synthesis replication        |     0 |
| Unused register locations in slices containing registers |   122 |
+----------------------------------------------------------+-------+
* Control sets can be merged at opt_design using control_set_merge or merge_equivalent_drivers
** Run report_qor_suggestions for automated merging and remapping suggestions


2. Histogram
------------

+--------------------+-------+
|       Fanout       | Count |
+--------------------+-------+
| Total control sets |    92 |
| >= 0 to < 4        |    12 |
| >= 4 to < 6        |    25 |
| >= 6 to < 8        |     3 |
| >= 8 to < 10       |     6 |
| >= 10 to < 12      |     0 |
| >= 12 to < 14      |     0 |
| >= 14 to < 16      |     2 |
| >= 16              |    44 |
+--------------------+-------+
* Control sets can be remapped at either synth_design or opt_design


3. Flip-Flop Distribution
-------------------------

+--------------+-----------------------+------------------------+-----------------+--------------+
| Clock Enable | Synchronous Set/Reset | Asynchronous Set/Reset | Total Registers | Total Slices |
+--------------+-----------------------+------------------------+-----------------+--------------+
| No           | No                    | No                     |              31 |           22 |
| No           | No                    | Yes                    |               0 |            0 |
| No           | Yes                   | No                     |             124 |           48 |
| Yes          | No                    | No                     |             950 |          141 |
| Yes          | No                    | Yes                    |               0 |            0 |
| Yes          | Yes                   | No                     |            1597 |          260 |
+--------------+-----------------------+------------------------+-----------------+--------------+


4. Detailed Control Set Information
-----------------------------------

+--------------+-------------------------------------------------------------------------------------------------------------------------------------------------------------------------+----------------------------------------------------------------------------------------------------------------------------------------------------------------------------------------------------------------------+------------------+----------------+--------------+
| Clock Signal |                                                                              Enable Signal                                                                              |                                                                                                   Set/Reset Signal                                                                                                   | Slice Load Count | Bel Load Count | Bels / Slice |
+--------------+-------------------------------------------------------------------------------------------------------------------------------------------------------------------------+----------------------------------------------------------------------------------------------------------------------------------------------------------------------------------------------------------------------+------------------+----------------+--------------+
|  ap_clk      | bd_0_i/hls_inst/inst/data_m_axi_U/bus_read/fifo_burst/U_fifo_srl/push_0                                                                                                 |                                                                                                                                                                                                                      |                1 |              1 |         1.00 |
|  ap_clk      | bd_0_i/hls_inst/inst/data_m_axi_U/bus_read/rs_rdata/pop                                                                                                                 | ap_rst_n                                                                                                                                                                                                             |                1 |              1 |         1.00 |
|  ap_clk      | bd_0_i/hls_inst/inst/data_m_axi_U/store_unit/fifo_wrsp/U_fifo_srl/pop_1                                                                                                 | ap_rst_n                                                                                                                                                                                                             |                1 |              1 |         1.00 |
|  ap_clk      | bd_0_i/hls_inst/inst/data_m_axi_U/store_unit/fifo_wreq/U_fifo_srl/push_0                                                                                                |                                                                                                                                                                                                                      |                1 |              1 |         1.00 |
|  ap_clk      | bd_0_i/hls_inst/inst/data_m_axi_U/bus_write/fifo_resp/U_fifo_srl/pop                                                                                                    | ap_rst_n                                                                                                                                                                                                             |                1 |              1 |         1.00 |
|  ap_clk      | bd_0_i/hls_inst/inst/control_s_axi_U/int_ier10_out                                                                                                                      | ap_rst_n                                                                                                                                                                                                             |                2 |              2 |         1.00 |
|  ap_clk      | bd_0_i/hls_inst/inst/grp_recv_data_burst_fu_185/grp_recv_data_burst_Pipeline_VITIS_LOOP_40_1_fu_87/flow_control_loop_pipe_sequential_init_U/ap_block_pp0_stage0_subdone |                                                                                                                                                                                                                      |                1 |              2 |         2.00 |
|  ap_clk      | bd_0_i/hls_inst/inst/data_m_axi_U/store_unit/buff_wdata/ap_block_pp0_stage0_subdone                                                                                     | ap_rst_n                                                                                                                                                                                                             |                1 |              2 |         2.00 |
|  ap_clk      | bd_0_i/hls_inst/inst/grp_send_data_burst_fu_216/grp_send_data_burst_Pipeline_VITIS_LOOP_85_1_fu_90/reg_id_fu_114                                                        | bd_0_i/hls_inst/inst/grp_send_data_burst_fu_216/grp_send_data_burst_Pipeline_VITIS_LOOP_85_1_fu_90/flow_control_loop_pipe_sequential_init_U/ap_loop_init_int_reg_0[0]                                                |                1 |              3 |         3.00 |
|  ap_clk      | bd_0_i/hls_inst/inst/grp_recv_data_burst_fu_185/grp_recv_data_burst_Pipeline_VITIS_LOOP_40_1_fu_87/reg_id_fu_132                                                        | bd_0_i/hls_inst/inst/grp_recv_data_burst_fu_185/grp_recv_data_burst_Pipeline_VITIS_LOOP_40_1_fu_87/flow_control_loop_pipe_sequential_init_U/grp_recv_data_burst_Pipeline_VITIS_LOOP_40_1_fu_87_ap_start_reg_reg      |                1 |              3 |         3.00 |
|  ap_clk      | bd_0_i/hls_inst/inst/data_m_axi_U/store_unit/fifo_wreq/raddr[2]_i_1__0_n_7                                                                                              | ap_rst_n                                                                                                                                                                                                             |                1 |              3 |         3.00 |
|  ap_clk      | bd_0_i/hls_inst/inst/data_m_axi_U/load_unit/fifo_rreq/raddr[2]_i_1_n_7                                                                                                  | ap_rst_n                                                                                                                                                                                                             |                1 |              3 |         3.00 |
|  ap_clk      | bd_0_i/hls_inst/inst/data_m_axi_U/bus_read/fifo_rctl/m_axi_data_ARREADY_4                                                                                               | ap_rst_n                                                                                                                                                                                                             |                1 |              4 |         4.00 |
|  ap_clk      | bd_0_i/hls_inst/inst/grp_compute_fu_208/flow_control_loop_pipe_sequential_init_U/i_fu_461                                                                               | bd_0_i/hls_inst/inst/grp_compute_fu_208/flow_control_loop_pipe_sequential_init_U/ap_loop_init_int_reg_0                                                                                                              |                2 |              4 |         2.00 |
|  ap_clk      | bd_0_i/hls_inst/inst/data_m_axi_U/store_unit/user_resp/mOutPtr[3]_i_1__2_n_7                                                                                            | ap_rst_n                                                                                                                                                                                                             |                2 |              4 |         2.00 |
|  ap_clk      | bd_0_i/hls_inst/inst/data_m_axi_U/bus_write/fifo_resp/raddr[3]_i_1__2_n_7                                                                                               | ap_rst_n                                                                                                                                                                                                             |                2 |              4 |         2.00 |
|  ap_clk      | bd_0_i/hls_inst/inst/data_m_axi_U/bus_write/fifo_burst/U_fifo_srl/pop_0                                                                                                 | ap_rst_n                                                                                                                                                                                                             |                2 |              4 |         2.00 |
|  ap_clk      | bd_0_i/hls_inst/inst/data_m_axi_U/bus_read/fifo_burst/raddr[3]_i_1__1_n_7                                                                                               | ap_rst_n                                                                                                                                                                                                             |                1 |              4 |         4.00 |
|  ap_clk      | bd_0_i/hls_inst/inst/data_m_axi_U/bus_write/wreq_throttle/req_fifo/raddr[3]_i_1__3_n_7                                                                                  | ap_rst_n                                                                                                                                                                                                             |                1 |              4 |         4.00 |
|  ap_clk      | bd_0_i/hls_inst/inst/data_m_axi_U/load_unit/fifo_rreq/mOutPtr[3]_i_1__0_n_7                                                                                             | ap_rst_n                                                                                                                                                                                                             |                2 |              4 |         2.00 |
|  ap_clk      | bd_0_i/hls_inst/inst/data_m_axi_U/store_unit/fifo_wrsp/U_fifo_srl/raddr_reg[0][0]                                                                                       | ap_rst_n                                                                                                                                                                                                             |                1 |              4 |         4.00 |
|  ap_clk      | bd_0_i/hls_inst/inst/data_m_axi_U/bus_write/wreq_throttle/data_fifo/raddr[3]_i_1__4_n_7                                                                                 | ap_rst_n                                                                                                                                                                                                             |                2 |              4 |         2.00 |
|  ap_clk      | bd_0_i/hls_inst/inst/data_m_axi_U/store_unit/fifo_wreq/mOutPtr[3]_i_1__1_n_7                                                                                            | ap_rst_n                                                                                                                                                                                                             |                2 |              4 |         2.00 |
|  ap_clk      | bd_0_i/hls_inst/inst/grp_send_data_burst_fu_216/grp_send_data_burst_Pipeline_VITIS_LOOP_85_1_fu_90/push_0                                                               | ap_rst_n                                                                                                                                                                                                             |                1 |              4 |         4.00 |
|  ap_clk      | bd_0_i/hls_inst/inst/data_m_axi_U/bus_write/fifo_burst/U_fifo_srl/empty_n_reg[0]                                                                                        | ap_rst_n                                                                                                                                                                                                             |                1 |              4 |         4.00 |
|  ap_clk      | bd_0_i/hls_inst/inst/data_m_axi_U/bus_write/fifo_burst/could_multi_bursts.next_loop                                                                                     | bd_0_i/hls_inst/inst/data_m_axi_U/bus_write/fifo_burst/could_multi_bursts.sect_handling_reg_3[0]                                                                                                                     |                1 |              5 |         5.00 |
|  ap_clk      | bd_0_i/hls_inst/inst/data_m_axi_U/bus_read/fifo_rctl/p_13_in                                                                                                            | bd_0_i/hls_inst/inst/data_m_axi_U/bus_read/fifo_rctl/ap_rst_n_0[0]                                                                                                                                                   |                1 |              5 |         5.00 |
|  ap_clk      | bd_0_i/hls_inst/inst/data_m_axi_U/store_unit/fifo_wrsp/U_fifo_srl/s_ready_t_reg[0]                                                                                      | ap_rst_n                                                                                                                                                                                                             |                2 |              5 |         2.50 |
|  ap_clk      | bd_0_i/hls_inst/inst/data_m_axi_U/bus_write/fifo_burst/U_fifo_srl/E[0]                                                                                                  | ap_rst_n                                                                                                                                                                                                             |                1 |              5 |         5.00 |
|  ap_clk      | bd_0_i/hls_inst/inst/data_m_axi_U/bus_write/wreq_throttle/data_fifo/U_fifo_srl/WVALID_Dummy_reg[0]                                                                      | ap_rst_n                                                                                                                                                                                                             |                1 |              5 |         5.00 |
|  ap_clk      | bd_0_i/hls_inst/inst/data_m_axi_U/bus_write/fifo_resp/mOutPtr[4]_i_1__4_n_7                                                                                             | ap_rst_n                                                                                                                                                                                                             |                2 |              5 |         2.50 |
|  ap_clk      | bd_0_i/hls_inst/inst/data_m_axi_U/bus_write/wreq_throttle/data_fifo/mOutPtr[4]_i_1__6_n_7                                                                               | ap_rst_n                                                                                                                                                                                                             |                2 |              5 |         2.50 |
|  ap_clk      | bd_0_i/hls_inst/inst/data_m_axi_U/bus_read/fifo_rctl/mOutPtr[4]_i_1__7_n_7                                                                                              | ap_rst_n                                                                                                                                                                                                             |                1 |              5 |         5.00 |
|  ap_clk      | bd_0_i/hls_inst/inst/data_m_axi_U/bus_write/wreq_throttle/req_fifo/U_fifo_srl/sel                                                                                       |                                                                                                                                                                                                                      |                1 |              5 |         5.00 |
|  ap_clk      | bd_0_i/hls_inst/inst/data_m_axi_U/bus_read/fifo_burst/mOutPtr[4]_i_1__3_n_7                                                                                             | ap_rst_n                                                                                                                                                                                                             |                2 |              5 |         2.50 |
|  ap_clk      | bd_0_i/hls_inst/inst/data_m_axi_U/bus_write/fifo_burst/E[0]                                                                                                             | ap_rst_n                                                                                                                                                                                                             |                1 |              5 |         5.00 |
|  ap_clk      | bd_0_i/hls_inst/inst/data_m_axi_U/bus_write/wreq_throttle/req_fifo/mOutPtr[4]_i_1__5_n_7                                                                                | ap_rst_n                                                                                                                                                                                                             |                1 |              5 |         5.00 |
|  ap_clk      | bd_0_i/hls_inst/inst/grp_compute_fu_208/flow_control_loop_pipe_sequential_init_U/i_fu_460                                                                               |                                                                                                                                                                                                                      |                4 |              6 |         1.50 |
|  ap_clk      | bd_0_i/hls_inst/inst/data_m_axi_U/store_unit/buff_wdata/ap_block_pp0_stage0_subdone                                                                                     |                                                                                                                                                                                                                      |                2 |              7 |         3.50 |
|  ap_clk      | bd_0_i/hls_inst/inst/control_s_axi_U/waddr                                                                                                                              |                                                                                                                                                                                                                      |                2 |              7 |         3.50 |
|  ap_clk      | bd_0_i/hls_inst/inst/data_m_axi_U/load_unit/buff_rdata/U_fifo_mem/WEBWE[0]                                                                                              | ap_rst_n                                                                                                                                                                                                             |                2 |              8 |         4.00 |
|  ap_clk      | bd_0_i/hls_inst/inst/data_m_axi_U/bus_write/wreq_throttle/data_fifo/E[0]                                                                                                | bd_0_i/hls_inst/inst/data_m_axi_U/bus_write/fifo_burst/U_fifo_srl/ap_rst_n_1[0]                                                                                                                                      |                3 |              8 |         2.67 |
|  ap_clk      | bd_0_i/hls_inst/inst/data_m_axi_U/bus_write/fifo_burst/could_multi_bursts.sect_handling_reg_1                                                                           | ap_rst_n                                                                                                                                                                                                             |                2 |              9 |         4.50 |
|  ap_clk      | bd_0_i/hls_inst/inst/data_m_axi_U/bus_write/fifo_burst/could_multi_bursts.sect_handling_reg[0]                                                                          | bd_0_i/hls_inst/inst/data_m_axi_U/bus_write/fifo_burst/could_multi_bursts.sect_handling_reg_2[0]                                                                                                                     |                2 |              9 |         4.50 |
|  ap_clk      | bd_0_i/hls_inst/inst/data_m_axi_U/load_unit/buff_rdata/mOutPtr[8]_i_1_n_7                                                                                               | ap_rst_n                                                                                                                                                                                                             |                2 |              9 |         4.50 |
|  ap_clk      | bd_0_i/hls_inst/inst/data_m_axi_U/bus_read/fifo_rctl/p_14_in                                                                                                            | bd_0_i/hls_inst/inst/data_m_axi_U/bus_read/fifo_rctl/ap_rst_n_1[0]                                                                                                                                                   |                2 |              9 |         4.50 |
|  ap_clk      | bd_0_i/hls_inst/inst/grp_send_data_burst_fu_216/grp_send_data_burst_Pipeline_VITIS_LOOP_85_1_fu_90/idx_fu_122                                                           | bd_0_i/hls_inst/inst/grp_send_data_burst_fu_216/grp_send_data_burst_Pipeline_VITIS_LOOP_85_1_fu_90/flow_control_loop_pipe_sequential_init_U/ap_loop_init_int_reg_0[0]                                                |                3 |             14 |         4.67 |
|  ap_clk      | bd_0_i/hls_inst/inst/grp_recv_data_burst_fu_185/grp_recv_data_burst_Pipeline_VITIS_LOOP_40_1_fu_87/flow_control_loop_pipe_sequential_init_U/E[0]                        | bd_0_i/hls_inst/inst/grp_recv_data_burst_fu_185/grp_recv_data_burst_Pipeline_VITIS_LOOP_40_1_fu_87/flow_control_loop_pipe_sequential_init_U/grp_recv_data_burst_Pipeline_VITIS_LOOP_40_1_fu_87_ap_start_reg_reg_1[0] |                3 |             14 |         4.67 |
|  ap_clk      | bd_0_i/hls_inst/inst/grp_send_data_burst_fu_216/grp_send_data_burst_Pipeline_VITIS_LOOP_85_1_fu_90/trunc_ln11_1_reg_15490                                               |                                                                                                                                                                                                                      |                4 |             19 |         4.75 |
|  ap_clk      | bd_0_i/hls_inst/inst/grp_recv_data_burst_fu_185/grp_recv_data_burst_Pipeline_VITIS_LOOP_40_1_fu_87/j_3_fu_136[2]_i_2_n_7                                                | bd_0_i/hls_inst/inst/grp_recv_data_burst_fu_185/grp_recv_data_burst_Pipeline_VITIS_LOOP_40_1_fu_87/flow_control_loop_pipe_sequential_init_U/dout_vld_reg_0                                                           |                4 |             30 |         7.50 |
|  ap_clk      | bd_0_i/hls_inst/inst/grp_send_data_burst_fu_216/grp_send_data_burst_Pipeline_VITIS_LOOP_85_1_fu_90/idx_fu_122                                                           | bd_0_i/hls_inst/inst/grp_send_data_burst_fu_216/grp_send_data_burst_Pipeline_VITIS_LOOP_85_1_fu_90/flow_control_loop_pipe_sequential_init_U/j_fu_118                                                                 |                4 |             30 |         7.50 |
|  ap_clk      |                                                                                                                                                                         |                                                                                                                                                                                                                      |               22 |             31 |         1.41 |
|  ap_clk      | bd_0_i/hls_inst/inst/control_s_axi_U/int_data_in[63]_i_1_n_7                                                                                                            | ap_rst_n                                                                                                                                                                                                             |               24 |             32 |         1.33 |
|  ap_clk      | bd_0_i/hls_inst/inst/control_s_axi_U/int_data_in[31]_i_1_n_7                                                                                                            | ap_rst_n                                                                                                                                                                                                             |               24 |             32 |         1.33 |
|  ap_clk      | bd_0_i/hls_inst/inst/control_s_axi_U/int_data_out[31]_i_1_n_7                                                                                                           | ap_rst_n                                                                                                                                                                                                             |               16 |             32 |         2.00 |
|  ap_clk      | bd_0_i/hls_inst/inst/control_s_axi_U/int_data_out[63]_i_1_n_7                                                                                                           | ap_rst_n                                                                                                                                                                                                             |               16 |             32 |         2.00 |
|  ap_clk      | bd_0_i/hls_inst/inst/control_s_axi_U/ar_hs                                                                                                                              | bd_0_i/hls_inst/inst/control_s_axi_U/rdata[31]_i_1_n_7                                                                                                                                                               |               21 |             32 |         1.52 |
|  ap_clk      | bd_0_i/hls_inst/inst/grp_recv_data_burst_fu_185/grp_recv_data_burst_Pipeline_VITIS_LOOP_40_1_fu_87/i_4_fu_128[0]_i_2_n_7                                                | bd_0_i/hls_inst/inst/grp_recv_data_burst_fu_185/grp_recv_data_burst_Pipeline_VITIS_LOOP_40_1_fu_87/flow_control_loop_pipe_sequential_init_U/dout_vld_reg                                                             |                4 |             32 |         8.00 |
|  ap_clk      | bd_0_i/hls_inst/inst/grp_send_data_burst_fu_216/grp_send_data_burst_Pipeline_VITIS_LOOP_85_1_fu_90/i_fu_110[0]_i_2_n_7                                                  | bd_0_i/hls_inst/inst/grp_send_data_burst_fu_216/grp_send_data_burst_Pipeline_VITIS_LOOP_85_1_fu_90/flow_control_loop_pipe_sequential_init_U/clear                                                                    |                4 |             32 |         8.00 |
|  ap_clk      | bd_0_i/hls_inst/inst/data_m_axi_U/bus_read/fifo_rctl/E[0]                                                                                                               | ap_rst_n                                                                                                                                                                                                             |                7 |             52 |         7.43 |
|  ap_clk      | bd_0_i/hls_inst/inst/data_m_axi_U/bus_write/fifo_burst/could_multi_bursts.sect_handling_reg_4[0]                                                                        | ap_rst_n                                                                                                                                                                                                             |                6 |             52 |         8.67 |
|  ap_clk      | bd_0_i/hls_inst/inst/data_m_axi_U/bus_write/fifo_burst/could_multi_bursts.sect_handling_reg[0]                                                                          | ap_rst_n                                                                                                                                                                                                             |               13 |             53 |         4.08 |
|  ap_clk      | bd_0_i/hls_inst/inst/data_m_axi_U/bus_read/fifo_rctl/p_13_in                                                                                                            | ap_rst_n                                                                                                                                                                                                             |               18 |             61 |         3.39 |
|  ap_clk      | bd_0_i/hls_inst/inst/data_m_axi_U/load_unit/fifo_rreq/U_fifo_srl/push                                                                                                   |                                                                                                                                                                                                                      |                5 |             62 |        12.40 |
|  ap_clk      | bd_0_i/hls_inst/inst/data_m_axi_U/store_unit/fifo_wreq/U_fifo_srl/pop                                                                                                   | ap_rst_n                                                                                                                                                                                                             |               13 |             62 |         4.77 |
|  ap_clk      | bd_0_i/hls_inst/inst/data_m_axi_U/bus_read/fifo_rctl/p_14_in                                                                                                            | ap_rst_n                                                                                                                                                                                                             |               17 |             62 |         3.65 |
|  ap_clk      | bd_0_i/hls_inst/inst/data_m_axi_U/load_unit/fifo_rreq/U_fifo_srl/pop                                                                                                    | ap_rst_n                                                                                                                                                                                                             |               15 |             62 |         4.13 |
|  ap_clk      | bd_0_i/hls_inst/inst/grp_send_data_burst_fu_216/push                                                                                                                    |                                                                                                                                                                                                                      |                5 |             62 |        12.40 |
|  ap_clk      | bd_0_i/hls_inst/inst/data_m_axi_U/bus_write/rs_wreq/load_p1                                                                                                             |                                                                                                                                                                                                                      |                9 |             63 |         7.00 |
|  ap_clk      | bd_0_i/hls_inst/inst/data_m_axi_U/load_unit/fifo_rreq/E[0]                                                                                                              | ap_rst_n                                                                                                                                                                                                             |               17 |             63 |         3.71 |
|  ap_clk      | bd_0_i/hls_inst/inst/data_m_axi_U/load_unit/E[0]                                                                                                                        |                                                                                                                                                                                                                      |               12 |             63 |         5.25 |
|  ap_clk      | bd_0_i/hls_inst/inst/data_m_axi_U/bus_read/rs_rreq/load_p1                                                                                                              |                                                                                                                                                                                                                      |               12 |             63 |         5.25 |
|  ap_clk      | bd_0_i/hls_inst/inst/data_m_axi_U/store_unit/tmp_valid_reg_0[0]                                                                                                         |                                                                                                                                                                                                                      |                9 |             63 |         7.00 |
|  ap_clk      | bd_0_i/hls_inst/inst/data_m_axi_U/store_unit/fifo_wrsp/E[0]                                                                                                             | ap_rst_n                                                                                                                                                                                                             |               10 |             63 |         6.30 |
|  ap_clk      | bd_0_i/hls_inst/inst/grp_send_data_burst_fu_216/grp_send_data_burst_Pipeline_VITIS_LOOP_85_1_fu_90/tmp_16_reg_19230                                                     |                                                                                                                                                                                                                      |               26 |             64 |         2.46 |
|  ap_clk      | bd_0_i/hls_inst/inst/control_s_axi_U/E[0]                                                                                                                               |                                                                                                                                                                                                                      |               14 |             64 |         4.57 |
|  ap_clk      | bd_0_i/hls_inst/inst/control_s_axi_U/int_ap_start_reg_0[0]                                                                                                              |                                                                                                                                                                                                                      |               13 |             64 |         4.92 |
|  ap_clk      | bd_0_i/hls_inst/inst/data_m_axi_U/bus_write/wreq_throttle/req_fifo/U_fifo_srl/push                                                                                      |                                                                                                                                                                                                                      |                5 |             65 |        13.00 |
|  ap_clk      | bd_0_i/hls_inst/inst/data_m_axi_U/bus_write/wreq_throttle/data_fifo/U_fifo_srl/dout_vld_reg[0]                                                                          |                                                                                                                                                                                                                      |               12 |             65 |         5.42 |
|  ap_clk      | bd_0_i/hls_inst/inst/data_m_axi_U/bus_write/wreq_throttle/req_fifo/U_fifo_srl/pop                                                                                       | ap_rst_n                                                                                                                                                                                                             |               17 |             65 |         3.82 |
|  ap_clk      | bd_0_i/hls_inst/inst/data_m_axi_U/bus_write/fifo_burst/could_multi_bursts.next_loop                                                                                     | ap_rst_n                                                                                                                                                                                                             |               21 |             65 |         3.10 |
|  ap_clk      | bd_0_i/hls_inst/inst/data_m_axi_U/bus_read/rs_rdata/load_p1                                                                                                             |                                                                                                                                                                                                                      |               12 |             65 |         5.42 |
|  ap_clk      | bd_0_i/hls_inst/inst/data_m_axi_U/bus_read/rs_rdata/load_p2                                                                                                             |                                                                                                                                                                                                                      |               12 |             65 |         5.42 |
|  ap_clk      | bd_0_i/hls_inst/inst/data_m_axi_U/bus_write/wreq_throttle/rs_req/load_p1                                                                                                |                                                                                                                                                                                                                      |               12 |             65 |         5.42 |
|  ap_clk      | bd_0_i/hls_inst/inst/data_m_axi_U/bus_write/wreq_throttle/data_fifo/U_fifo_srl/push                                                                                     |                                                                                                                                                                                                                      |                5 |             73 |        14.60 |
|  ap_clk      | bd_0_i/hls_inst/inst/data_m_axi_U/bus_write/wreq_throttle/data_fifo/U_fifo_srl/pop                                                                                      | ap_rst_n                                                                                                                                                                                                             |               10 |             73 |         7.30 |
|  ap_clk      | bd_0_i/hls_inst/inst/grp_recv_data_burst_fu_185/grp_recv_data_burst_Pipeline_VITIS_LOOP_40_1_fu_87/p_34_in                                                              |                                                                                                                                                                                                                      |               12 |             83 |         6.92 |
|  ap_clk      | bd_0_i/hls_inst/inst/ap_CS_fsm_state1                                                                                                                                   |                                                                                                                                                                                                                      |               26 |            122 |         4.69 |
|  ap_clk      | bd_0_i/hls_inst/inst/data_m_axi_U/bus_read/fifo_rctl/next_rreq                                                                                                          | ap_rst_n                                                                                                                                                                                                             |               23 |            123 |         5.35 |
|  ap_clk      | bd_0_i/hls_inst/inst/data_m_axi_U/bus_write/fifo_burst/next_wreq                                                                                                        | ap_rst_n                                                                                                                                                                                                             |               21 |            123 |         5.86 |
|  ap_clk      |                                                                                                                                                                         | ap_rst_n                                                                                                                                                                                                             |               48 |            124 |         2.58 |
|  ap_clk      | bd_0_i/hls_inst/inst/grp_send_data_burst_fu_216/ap_done                                                                                                                 | ap_rst_n                                                                                                                                                                                                             |               25 |            128 |         5.12 |
+--------------+-------------------------------------------------------------------------------------------------------------------------------------------------------------------------+----------------------------------------------------------------------------------------------------------------------------------------------------------------------------------------------------------------------+------------------+----------------+--------------+


