

================================================================
== Vitis HLS Report for 'compute_Pipeline_VITIS_LOOP_154_4'
================================================================
* Date:           Fri Nov 18 14:59:27 2022

* Version:        2022.2 (Build 3670227 on Oct 13 2022)
* Project:        center-max-sharing
* Solution:       zcu104 (Vivado IP Flow Target)
* Product family: zynquplus
* Target device:  xczu7ev-ffvc1156-2-e


================================================================
== Performance Estimates
================================================================
+ Timing: 
    * Summary: 
    +--------+----------+----------+------------+
    |  Clock |  Target  | Estimated| Uncertainty|
    +--------+----------+----------+------------+
    |ap_clk  |  10.00 ns|  5.861 ns|     2.70 ns|
    +--------+----------+----------+------------+

+ Latency: 
    * Summary: 
    +---------+---------+----------+----------+-----+-----+---------+
    |  Latency (cycles) |  Latency (absolute) |  Interval | Pipeline|
    |   min   |   max   |    min   |    max   | min | max |   Type  |
    +---------+---------+----------+----------+-----+-----+---------+
    |       70|       70|  0.700 us|  0.700 us|   70|   70|       no|
    +---------+---------+----------+----------+-----+-----+---------+

    + Detail: 
        * Instance: 
        N/A

        * Loop: 
        +--------------------+---------+---------+----------+-----------+-----------+------+----------+
        |                    |  Latency (cycles) | Iteration|  Initiation Interval  | Trip |          |
        |      Loop Name     |   min   |   max   |  Latency |  achieved |   target  | Count| Pipelined|
        +--------------------+---------+---------+----------+-----------+-----------+------+----------+
        |- VITIS_LOOP_154_4  |       68|       68|         6|          1|          1|    64|       yes|
        +--------------------+---------+---------+----------+-----------+-----------+------+----------+

============================================================
+ Verbose Summary: Synthesis Manager
============================================================
InlineROM: 1
ExposeGlobal: 0
============================================================
+ Verbose Summary: CDFG Model
============================================================
IsTopModel: 0
ResetActiveHigh: 1
IsCombinational: 0
IsDatapathOnly: 0
HasWiredReturn: 1
HasMFsm: 2
HasVarLatency: 1
IsPipeline: 0
IsRtlPipelined: 0
IsInstanceOverlapped: 0
IsDontTouch: 0
HasImplIP: 0
IsGatedGlobalClock: 0

+ Individual pipeline summary: 
  * Pipeline-0: initiation interval (II) = 1, depth = 6


============================================================
+ Verbose Summary: Schedule
============================================================
* Number of FSM states : 6
* Pipeline : 1
  Pipeline-0 : II = 1, D = 6, States = { 1 2 3 4 5 6 }
* Dataflow Pipeline: 0

* FSM state transitions: 
1 --> 2 
2 --> 3 
3 --> 4 
4 --> 5 
5 --> 6 
6 --> 

* FSM state operations: 

State 1 <SV = 0> <Delay = 1.24>
ST_1 : Operation 9 [1/1] (0.00ns)   --->   "%j_4 = alloca i32 1"   --->   Operation 9 'alloca' 'j_4' <Predicate = true> <Delay = 0.00>
ST_1 : Operation 10 [1/1] (0.00ns)   --->   "%specmemcore_ln0 = specmemcore void @_ssdm_op_SpecMemCore, i16 %reg_file_4_1, i64 666, i64 30, i64 18446744073709551615"   --->   Operation 10 'specmemcore' 'specmemcore_ln0' <Predicate = true> <Delay = 0.00>
ST_1 : Operation 11 [1/1] (0.00ns)   --->   "%specmemcore_ln0 = specmemcore void @_ssdm_op_SpecMemCore, i16 %reg_file_4_0, i64 666, i64 30, i64 18446744073709551615"   --->   Operation 11 'specmemcore' 'specmemcore_ln0' <Predicate = true> <Delay = 0.00>
ST_1 : Operation 12 [1/1] (0.00ns)   --->   "%reg_file_0_0_load_read = read i16 @_ssdm_op_Read.ap_auto.half, i16 %reg_file_0_0_load"   --->   Operation 12 'read' 'reg_file_0_0_load_read' <Predicate = true> <Delay = 0.00>
ST_1 : Operation 13 [1/1] (0.42ns)   --->   "%store_ln0 = store i7 0, i7 %j_4"   --->   Operation 13 'store' 'store_ln0' <Predicate = true> <Delay = 0.42>
ST_1 : Operation 14 [1/1] (0.00ns)   --->   "%br_ln0 = br void %for.inc31"   --->   Operation 14 'br' 'br_ln0' <Predicate = true> <Delay = 0.00>
ST_1 : Operation 15 [1/1] (0.00ns)   --->   "%j = load i7 %j_4" [center-max-sharing/src/correlation.cpp:160]   --->   Operation 15 'load' 'j' <Predicate = true> <Delay = 0.00>
ST_1 : Operation 16 [1/1] (0.81ns)   --->   "%icmp_ln154 = icmp_eq  i7 %j, i7 64" [center-max-sharing/src/correlation.cpp:154]   --->   Operation 16 'icmp' 'icmp_ln154' <Predicate = true> <Delay = 0.81> <CoreInst = "Cmp">   --->   Core 9 'Cmp' <Latency = 0> <II = 1> <Delay = 0.81> <FuncUnit> <Opcode : 'icmp'> <InPorts = 2> <OutPorts = 1>
ST_1 : Operation 17 [1/1] (0.00ns)   --->   "%empty = speclooptripcount i32 @_ssdm_op_SpecLoopTripCount, i64 64, i64 64, i64 64"   --->   Operation 17 'speclooptripcount' 'empty' <Predicate = true> <Delay = 0.00>
ST_1 : Operation 18 [1/1] (0.77ns)   --->   "%add_ln154 = add i7 %j, i7 1" [center-max-sharing/src/correlation.cpp:154]   --->   Operation 18 'add' 'add_ln154' <Predicate = true> <Delay = 0.77> <CoreInst = "Adder">   --->   Core 1 'Adder' <Latency = 0> <II = 1> <Delay = 0.77> <FuncUnit> <Opcode : 'add' 'sub'> <InPorts = 2> <OutPorts = 1>
ST_1 : Operation 19 [1/1] (0.00ns)   --->   "%br_ln154 = br i1 %icmp_ln154, void %fpga_resource_limit_hint.for.inc31.4_begin, void %for.inc55.preheader.exitStub" [center-max-sharing/src/correlation.cpp:154]   --->   Operation 19 'br' 'br_ln154' <Predicate = true> <Delay = 0.00>
ST_1 : Operation 20 [1/1] (0.00ns)   --->   "%rbegin2 = specregionbegin i32 @_ssdm_op_SpecRegionBegin, void @empty_3" [center-max-sharing/src/correlation.cpp:154]   --->   Operation 20 'specregionbegin' 'rbegin2' <Predicate = (!icmp_ln154)> <Delay = 0.00>
ST_1 : Operation 21 [1/1] (0.00ns)   --->   "%rbegin4 = specregionbegin i32 @_ssdm_op_SpecRegionBegin, void @empty_30" [center-max-sharing/src/correlation.cpp:154]   --->   Operation 21 'specregionbegin' 'rbegin4' <Predicate = (!icmp_ln154)> <Delay = 0.00>
ST_1 : Operation 22 [1/1] (0.00ns)   --->   "%rbegin6 = specregionbegin i32 @_ssdm_op_SpecRegionBegin, void @empty_5" [center-max-sharing/src/correlation.cpp:154]   --->   Operation 22 'specregionbegin' 'rbegin6' <Predicate = (!icmp_ln154)> <Delay = 0.00>
ST_1 : Operation 23 [1/1] (0.00ns)   --->   "%lshr_ln8 = partselect i5 @_ssdm_op_PartSelect.i5.i7.i32.i32, i7 %j, i32 1, i32 5" [center-max-sharing/src/correlation.cpp:160]   --->   Operation 23 'partselect' 'lshr_ln8' <Predicate = (!icmp_ln154)> <Delay = 0.00>
ST_1 : Operation 24 [1/1] (0.00ns)   --->   "%zext_ln160 = zext i5 %lshr_ln8" [center-max-sharing/src/correlation.cpp:160]   --->   Operation 24 'zext' 'zext_ln160' <Predicate = (!icmp_ln154)> <Delay = 0.00>
ST_1 : Operation 25 [1/1] (0.00ns)   --->   "%reg_file_4_0_addr = getelementptr i16 %reg_file_4_0, i64 0, i64 %zext_ln160" [center-max-sharing/src/correlation.cpp:160]   --->   Operation 25 'getelementptr' 'reg_file_4_0_addr' <Predicate = (!icmp_ln154)> <Delay = 0.00>
ST_1 : Operation 26 [1/1] (0.00ns)   --->   "%reg_file_4_1_addr = getelementptr i16 %reg_file_4_1, i64 0, i64 %zext_ln160" [center-max-sharing/src/correlation.cpp:160]   --->   Operation 26 'getelementptr' 'reg_file_4_1_addr' <Predicate = (!icmp_ln154)> <Delay = 0.00>
ST_1 : Operation 27 [1/1] (0.00ns)   --->   "%trunc_ln160 = trunc i7 %j" [center-max-sharing/src/correlation.cpp:160]   --->   Operation 27 'trunc' 'trunc_ln160' <Predicate = (!icmp_ln154)> <Delay = 0.00>
ST_1 : Operation 28 [2/2] (1.23ns)   --->   "%reg_file_4_0_load = load i11 %reg_file_4_0_addr" [center-max-sharing/src/correlation.cpp:160]   --->   Operation 28 'load' 'reg_file_4_0_load' <Predicate = (!icmp_ln154)> <Delay = 1.23> <CoreInst = "RAM_T2P_BRAM">   --->   Core 99 'RAM_T2P_BRAM' <Latency = 1> <II = 1> <Delay = 1.23> <Storage> <Opcode : 'load' 'store'> <Ports = 2> <Width = 16> <Depth = 2048> <RAM>
ST_1 : Operation 29 [2/2] (1.23ns)   --->   "%reg_file_4_1_load = load i11 %reg_file_4_1_addr" [center-max-sharing/src/correlation.cpp:160]   --->   Operation 29 'load' 'reg_file_4_1_load' <Predicate = (!icmp_ln154)> <Delay = 1.23> <CoreInst = "RAM_T2P_BRAM">   --->   Core 99 'RAM_T2P_BRAM' <Latency = 1> <II = 1> <Delay = 1.23> <Storage> <Opcode : 'load' 'store'> <Ports = 2> <Width = 16> <Depth = 2048> <RAM>
ST_1 : Operation 30 [1/1] (0.00ns)   --->   "%br_ln160 = br i1 %trunc_ln160, void %arrayidx3055.case.0, void %arrayidx3055.case.1" [center-max-sharing/src/correlation.cpp:160]   --->   Operation 30 'br' 'br_ln160' <Predicate = (!icmp_ln154)> <Delay = 0.00>
ST_1 : Operation 31 [1/1] (0.00ns)   --->   "%specresourcelimit_ln160 = specresourcelimit void @_ssdm_op_SpecResourceLimit, i64 1, void @empty_15, void @empty_22, void @empty_22, void @empty_22" [center-max-sharing/src/correlation.cpp:160]   --->   Operation 31 'specresourcelimit' 'specresourcelimit_ln160' <Predicate = (!icmp_ln154)> <Delay = 0.00>
ST_1 : Operation 32 [1/1] (0.00ns)   --->   "%rend16 = specregionend i32 @_ssdm_op_SpecRegionEnd, void @empty_5, i32 %rbegin6" [center-max-sharing/src/correlation.cpp:160]   --->   Operation 32 'specregionend' 'rend16' <Predicate = (!icmp_ln154)> <Delay = 0.00>
ST_1 : Operation 33 [1/1] (0.00ns)   --->   "%specresourcelimit_ln160 = specresourcelimit void @_ssdm_op_SpecResourceLimit, i64 1, void @empty_0, void @empty_22, void @empty_22, void @empty_22" [center-max-sharing/src/correlation.cpp:160]   --->   Operation 33 'specresourcelimit' 'specresourcelimit_ln160' <Predicate = (!icmp_ln154)> <Delay = 0.00>
ST_1 : Operation 34 [1/1] (0.00ns)   --->   "%rend14 = specregionend i32 @_ssdm_op_SpecRegionEnd, void @empty_30, i32 %rbegin4" [center-max-sharing/src/correlation.cpp:160]   --->   Operation 34 'specregionend' 'rend14' <Predicate = (!icmp_ln154)> <Delay = 0.00>
ST_1 : Operation 35 [1/1] (0.00ns)   --->   "%specresourcelimit_ln160 = specresourcelimit void @_ssdm_op_SpecResourceLimit, i64 1, void @empty_23, void @empty_22, void @empty_22, void @empty_22" [center-max-sharing/src/correlation.cpp:160]   --->   Operation 35 'specresourcelimit' 'specresourcelimit_ln160' <Predicate = (!icmp_ln154)> <Delay = 0.00>
ST_1 : Operation 36 [1/1] (0.00ns)   --->   "%rend12 = specregionend i32 @_ssdm_op_SpecRegionEnd, void @empty_3, i32 %rbegin2" [center-max-sharing/src/correlation.cpp:160]   --->   Operation 36 'specregionend' 'rend12' <Predicate = (!icmp_ln154)> <Delay = 0.00>
ST_1 : Operation 37 [1/1] (0.42ns)   --->   "%store_ln154 = store i7 %add_ln154, i7 %j_4" [center-max-sharing/src/correlation.cpp:154]   --->   Operation 37 'store' 'store_ln154' <Predicate = (!icmp_ln154)> <Delay = 0.42>
ST_1 : Operation 38 [1/1] (0.00ns)   --->   "%br_ln154 = br void %for.inc31" [center-max-sharing/src/correlation.cpp:154]   --->   Operation 38 'br' 'br_ln154' <Predicate = (!icmp_ln154)> <Delay = 0.00>

State 2 <SV = 1> <Delay = 5.86>
ST_2 : Operation 39 [1/2] (1.23ns)   --->   "%reg_file_4_0_load = load i11 %reg_file_4_0_addr" [center-max-sharing/src/correlation.cpp:160]   --->   Operation 39 'load' 'reg_file_4_0_load' <Predicate = true> <Delay = 1.23> <CoreInst = "RAM_T2P_BRAM">   --->   Core 99 'RAM_T2P_BRAM' <Latency = 1> <II = 1> <Delay = 1.23> <Storage> <Opcode : 'load' 'store'> <Ports = 2> <Width = 16> <Depth = 2048> <RAM>
ST_2 : Operation 40 [1/2] (1.23ns)   --->   "%reg_file_4_1_load = load i11 %reg_file_4_1_addr" [center-max-sharing/src/correlation.cpp:160]   --->   Operation 40 'load' 'reg_file_4_1_load' <Predicate = true> <Delay = 1.23> <CoreInst = "RAM_T2P_BRAM">   --->   Core 99 'RAM_T2P_BRAM' <Latency = 1> <II = 1> <Delay = 1.23> <Storage> <Opcode : 'load' 'store'> <Ports = 2> <Width = 16> <Depth = 2048> <RAM>
ST_2 : Operation 41 [1/1] (0.42ns)   --->   "%tmp = mux i16 @_ssdm_op_Mux.ap_auto.2f16.i1, i16 %reg_file_4_0_load, i16 %reg_file_4_1_load, i1 %trunc_ln160" [center-max-sharing/src/correlation.cpp:160]   --->   Operation 41 'mux' 'tmp' <Predicate = true> <Delay = 0.42> <CoreInst = "Multiplexer">   --->   Core 76 'Multiplexer' <Latency = 0> <II = 1> <Delay = 0.42> <FuncUnit> <Opcode : 'mux'> <InPorts = 2> <OutPorts = 1>
ST_2 : Operation 42 [5/5] (4.19ns)   --->   "%div = hdiv i16 %tmp, i16 %reg_file_0_0_load_read" [center-max-sharing/src/correlation.cpp:160]   --->   Operation 42 'hdiv' 'div' <Predicate = true> <Delay = 4.19> <CoreInst = "HDiv">   --->   Core 57 'HDiv' <Latency = 4> <II = 1> <Delay = 4.19> <FuncUnit> <Opcode : 'hdiv'> <InPorts = 2> <OutPorts = 1>

State 3 <SV = 2> <Delay = 4.19>
ST_3 : Operation 43 [4/5] (4.19ns)   --->   "%div = hdiv i16 %tmp, i16 %reg_file_0_0_load_read" [center-max-sharing/src/correlation.cpp:160]   --->   Operation 43 'hdiv' 'div' <Predicate = true> <Delay = 4.19> <CoreInst = "HDiv">   --->   Core 57 'HDiv' <Latency = 4> <II = 1> <Delay = 4.19> <FuncUnit> <Opcode : 'hdiv'> <InPorts = 2> <OutPorts = 1>

State 4 <SV = 3> <Delay = 4.19>
ST_4 : Operation 44 [3/5] (4.19ns)   --->   "%div = hdiv i16 %tmp, i16 %reg_file_0_0_load_read" [center-max-sharing/src/correlation.cpp:160]   --->   Operation 44 'hdiv' 'div' <Predicate = true> <Delay = 4.19> <CoreInst = "HDiv">   --->   Core 57 'HDiv' <Latency = 4> <II = 1> <Delay = 4.19> <FuncUnit> <Opcode : 'hdiv'> <InPorts = 2> <OutPorts = 1>

State 5 <SV = 4> <Delay = 4.19>
ST_5 : Operation 45 [2/5] (4.19ns)   --->   "%div = hdiv i16 %tmp, i16 %reg_file_0_0_load_read" [center-max-sharing/src/correlation.cpp:160]   --->   Operation 45 'hdiv' 'div' <Predicate = true> <Delay = 4.19> <CoreInst = "HDiv">   --->   Core 57 'HDiv' <Latency = 4> <II = 1> <Delay = 4.19> <FuncUnit> <Opcode : 'hdiv'> <InPorts = 2> <OutPorts = 1>
ST_5 : Operation 53 [1/1] (0.00ns)   --->   "%ret_ln0 = ret"   --->   Operation 53 'ret' 'ret_ln0' <Predicate = (icmp_ln154)> <Delay = 0.00>

State 6 <SV = 5> <Delay = 5.43>
ST_6 : Operation 46 [1/1] (0.00ns)   --->   "%specpipeline_ln159 = specpipeline void @_ssdm_op_SpecPipeline, i32 1, i32 0, i32 0, i32 0, void @empty_22" [center-max-sharing/src/correlation.cpp:159]   --->   Operation 46 'specpipeline' 'specpipeline_ln159' <Predicate = true> <Delay = 0.00>
ST_6 : Operation 47 [1/1] (0.00ns)   --->   "%specloopname_ln132 = specloopname void @_ssdm_op_SpecLoopName, void @empty_20" [center-max-sharing/src/correlation.cpp:132]   --->   Operation 47 'specloopname' 'specloopname_ln132' <Predicate = true> <Delay = 0.00>
ST_6 : Operation 48 [1/5] (4.19ns)   --->   "%div = hdiv i16 %tmp, i16 %reg_file_0_0_load_read" [center-max-sharing/src/correlation.cpp:160]   --->   Operation 48 'hdiv' 'div' <Predicate = true> <Delay = 4.19> <CoreInst = "HDiv">   --->   Core 57 'HDiv' <Latency = 4> <II = 1> <Delay = 4.19> <FuncUnit> <Opcode : 'hdiv'> <InPorts = 2> <OutPorts = 1>
ST_6 : Operation 49 [1/1] (1.23ns)   --->   "%store_ln160 = store i16 %div, i11 %reg_file_4_0_addr" [center-max-sharing/src/correlation.cpp:160]   --->   Operation 49 'store' 'store_ln160' <Predicate = (!trunc_ln160)> <Delay = 1.23> <CoreInst = "RAM_T2P_BRAM">   --->   Core 99 'RAM_T2P_BRAM' <Latency = 1> <II = 1> <Delay = 1.23> <Storage> <Opcode : 'load' 'store'> <Ports = 2> <Width = 16> <Depth = 2048> <RAM>
ST_6 : Operation 50 [1/1] (0.00ns)   --->   "%br_ln160 = br void %fpga_resource_limit_hint.for.inc31.6_end" [center-max-sharing/src/correlation.cpp:160]   --->   Operation 50 'br' 'br_ln160' <Predicate = (!trunc_ln160)> <Delay = 0.00>
ST_6 : Operation 51 [1/1] (1.23ns)   --->   "%store_ln160 = store i16 %div, i11 %reg_file_4_1_addr" [center-max-sharing/src/correlation.cpp:160]   --->   Operation 51 'store' 'store_ln160' <Predicate = (trunc_ln160)> <Delay = 1.23> <CoreInst = "RAM_T2P_BRAM">   --->   Core 99 'RAM_T2P_BRAM' <Latency = 1> <II = 1> <Delay = 1.23> <Storage> <Opcode : 'load' 'store'> <Ports = 2> <Width = 16> <Depth = 2048> <RAM>
ST_6 : Operation 52 [1/1] (0.00ns)   --->   "%br_ln160 = br void %fpga_resource_limit_hint.for.inc31.6_end" [center-max-sharing/src/correlation.cpp:160]   --->   Operation 52 'br' 'br_ln160' <Predicate = (trunc_ln160)> <Delay = 0.00>


============================================================
+ Verbose Summary: Timing violations
============================================================
Target clock period: 10ns, clock uncertainty: 2.7ns.

 <State 1>: 1.24ns
The critical path consists of the following:
	'alloca' operation ('j') [4]  (0 ns)
	'load' operation ('j', center-max-sharing/src/correlation.cpp:160) on local variable 'j' [11]  (0 ns)
	'getelementptr' operation ('reg_file_4_0_addr', center-max-sharing/src/correlation.cpp:160) [24]  (0 ns)
	'load' operation ('reg_file_4_0_load', center-max-sharing/src/correlation.cpp:160) on array 'reg_file_4_0' [27]  (1.24 ns)
	blocking operation 0.007 ns on control path)

 <State 2>: 5.86ns
The critical path consists of the following:
	'load' operation ('reg_file_4_0_load', center-max-sharing/src/correlation.cpp:160) on array 'reg_file_4_0' [27]  (1.24 ns)
	'mux' operation ('tmp', center-max-sharing/src/correlation.cpp:160) [29]  (0.427 ns)
	'hdiv' operation ('div', center-max-sharing/src/correlation.cpp:160) [30]  (4.2 ns)

 <State 3>: 4.2ns
The critical path consists of the following:
	'hdiv' operation ('div', center-max-sharing/src/correlation.cpp:160) [30]  (4.2 ns)

 <State 4>: 4.2ns
The critical path consists of the following:
	'hdiv' operation ('div', center-max-sharing/src/correlation.cpp:160) [30]  (4.2 ns)

 <State 5>: 4.2ns
The critical path consists of the following:
	'hdiv' operation ('div', center-max-sharing/src/correlation.cpp:160) [30]  (4.2 ns)

 <State 6>: 5.43ns
The critical path consists of the following:
	'hdiv' operation ('div', center-max-sharing/src/correlation.cpp:160) [30]  (4.2 ns)
	'store' operation ('store_ln160', center-max-sharing/src/correlation.cpp:160) of variable 'div', center-max-sharing/src/correlation.cpp:160 on array 'reg_file_4_1' [36]  (1.24 ns)


============================================================
+ Verbose Summary: Binding
============================================================
N/A
* FSMD analyzer results:
  - Output states:
 - Input state : 
  - Chain level:
	State 1
	State 2
	State 3
	State 4
	State 5
	State 6


============================================================
+ Verbose Summary: Datapath Resource usage 
============================================================
N/A
